openapi: 3.0.2
info:
  title: Entities
  version: "1.0"
servers:
  - url: /
paths:
  /person:
    put:
      summary: Update an existing person
      description: Update an existing person by Id
      operationId: updatePerson
      responses:
        "400":
          content:
            application/json:
              schema:
                $ref: "#/components/schemas/ErrorModel"
        "401":
          content:
            application/json:
              schema:
                $ref: "#/components/schemas/ErrorModel2"
components:
  schemas:
    ErrorModel:
      required:
        - msg
      type: object
      properties:
        msg:
          type: string
    ErrorModel2:
      required:
        - msg
      type: object
      properties:
        msg:
          type: string
    UpdatePersonGenericError:
      oneOf:
        - $ref: "#/components/schemas/ErrorModel"
        - $ref: "#/components/schemas/ErrorModel2"
